Started by user [8mha:////4F4WA11wyv+XVNpe/rQhizQKzV1cSkd2EMPG2iY3Oy62AAAAlx+LCAAAAAAAAP9b85aBtbiIQTGjNKU4P08vOT+vOD8nVc83PyU1x6OyILUoJzMv2y+/JJUBAhiZGBgqihhk0NSjKDWzXb3RdlLBUSYGJk8GtpzUvPSSDB8G5tKinBIGIZ+sxLJE/ZzEvHT94JKizLx0a6BxUmjGOUNodHsLgAzeEgZu/dLi1CL9xKzEyjIAWGl+UsAAAAA=[0mAjay Vairavan
Rebuilds build #[8mha:////4IIqvH+DQIfZZFnFHkFc0yftM1zLl9pg+bhtPScKxmd5AAAApx+LCAAAAAAAAP9b85aBtbiIQTGjNKU4P08vOT+vOD8nVc83PyU1x6OyILUoJzMv2y+/JJUBAhiZGBgqihhk0NSjKDWzXb3RdlLBUSYGJk8GtpzUvPSSDB8G5tKinBIGIZ+sxLJE/ZzEvHT94JKizLx0a6BxUmjGOUNodHsLgAymEgZp/az8JP3U3KTUlJTUFN2U1IKc/Mrc1LwSfWMjAJwtDpzQAAAA[0m32
Running as SYSTEM
Building in workspace C:\ProgramData\Jenkins\.jenkins\workspace\embedded-deployment
[embedded-deployment] $ cmd /c call C:\WINDOWS\TEMP\jenkins2229865150493531833.bat

C:\ProgramData\Jenkins\.jenkins\workspace\embedded-deployment>C:\Ajay\run.bat

C:\ProgramData\Jenkins\.jenkins\workspace\embedded-deployment>set BRANCH=master 

C:\ProgramData\Jenkins\.jenkins\workspace\embedded-deployment>set IMAGE_TAG=v1.0 

C:\ProgramData\Jenkins\.jenkins\workspace\embedded-deployment>echo C:\Program Files (x86)\Common Files\Oracle\Java\javapath;C:\Windows\system32;C:\Windows;C:\Windows\System32\Wbem;C:\Windows\System32\WindowsPowerShell\v1.0\;C:\Windows\System32\OpenSSH\;C:\Program Files (x86)\NVIDIA Corporation\PhysX\Common;C:\Program Files\NVIDIA Corporation\NVIDIA NvDLISR;C:\Program Files (x86)\Yarn\bin\;C:\Program Files\dotnet\;C:\Program Files\Microsoft SQL Server\130\Tools\Binn\;C:\Program Files\Microsoft SQL Server\Client SDK\ODBC\170\Tools\Binn\;C:\Program Files (x86)\IVI Foundation\VISA\WinNT\Bin;C:\Program Files\Microsoft SQL Server\120\Tools\Binn\;C:\Program Files\PuTTY\;C:\Program Files\Git\cmd;C:\Program Files\CMake\bin;C:\WINDOWS\system32;C:\WINDOWS;C:\WINDOWS\System32\Wbem;C:\WINDOWS\System32\WindowsPowerShell\v1.0\;C:\WINDOWS\System32\OpenSSH\;C:\Program Files\Wolfram Research\WolframScript\;C:\Program Files\nodejs\;C:\Program Files\Microsoft SQL Server\Client SDK\ODBC\110\Tools\Binn\;C:\Program Files (x86)\Microsoft SQL Server\120\Tools\Binn\;C:\Program Files\Microsoft SQL Server\120\DTS\Binn\;C:\Program Files (x86)\Windows Kits\8.1\Windows Performance Toolkit\;C:\Program Files\MATLAB\R2021a\bin;C:\Program Files\Microsoft SQL Server\150\Tools\Binn\;C:\Program Files\Docker\Docker\resources\bin;C:\ProgramData\DockerDesktop\version-bin;C:\Users\ajayv\AppData\Local\Programs\Python\Python39\;C:\WINDOWS\system32\config\systemprofile\AppData\Local\Microsoft\WindowsApps 
C:\Program Files (x86)\Common Files\Oracle\Java\javapath;C:\Windows\system32;C:\Windows;C:\Windows\System32\Wbem;C:\Windows\System32\WindowsPowerShell\v1.0\;C:\Windows\System32\OpenSSH\;C:\Program Files (x86)\NVIDIA Corporation\PhysX\Common;C:\Program Files\NVIDIA Corporation\NVIDIA NvDLISR;C:\Program Files (x86)\Yarn\bin\;C:\Program Files\dotnet\;C:\Program Files\Microsoft SQL Server\130\Tools\Binn\;C:\Program Files\Microsoft SQL Server\Client SDK\ODBC\170\Tools\Binn\;C:\Program Files (x86)\IVI Foundation\VISA\WinNT\Bin;C:\Program Files\Microsoft SQL Server\120\Tools\Binn\;C:\Program Files\PuTTY\;C:\Program Files\Git\cmd;C:\Program Files\CMake\bin;C:\WINDOWS\system32;C:\WINDOWS;C:\WINDOWS\System32\Wbem;C:\WINDOWS\System32\WindowsPowerShell\v1.0\;C:\WINDOWS\System32\OpenSSH\;C:\Program Files\Wolfram Research\WolframScript\;C:\Program Files\nodejs\;C:\Program Files\Microsoft SQL Server\Client SDK\ODBC\110\Tools\Binn\;C:\Program Files (x86)\Microsoft SQL Server\120\Tools\Binn\;C:\Program Files\Microsoft SQL Server\120\DTS\Binn\;C:\Program Files (x86)\Windows Kits\8.1\Windows Performance Toolkit\;C:\Program Files\MATLAB\R2021a\bin;C:\Program Files\Microsoft SQL Server\150\Tools\Binn\;C:\Program Files\Docker\Docker\resources\bin;C:\ProgramData\DockerDesktop\version-bin;C:\Users\ajayv\AppData\Local\Programs\Python\Python39\;C:\WINDOWS\system32\config\systemprofile\AppData\Local\Microsoft\WindowsApps

C:\ProgramData\Jenkins\.jenkins\workspace\embedded-deployment>echo "Beginning integration of ESP32 Automation" 
"Beginning integration of ESP32 Automation"

C:\ProgramData\Jenkins\.jenkins\workspace\embedded-deployment>echo C:\ProgramData\Jenkins\.jenkins\workspace\embedded-deployment 
C:\ProgramData\Jenkins\.jenkins\workspace\embedded-deployment

C:\ProgramData\Jenkins\.jenkins\workspace\embedded-deployment>CD C:\Ajay\cicdbuild 

C:\Ajay\cicdbuild>echo C:\Ajay\cicdbuild 
C:\Ajay\cicdbuild

C:\Ajay\cicdbuild>if exist esp32_automation\ (
CD esp32_automation  
 git pull 
)  else (
git clone -b master git@gitlab.com:iot15/esp32_automation.git  
 CD esp32_automation 
) 
Already up to date.

C:\Ajay\cicdbuild\esp32_automation>echo C:\Ajay\cicdbuild\esp32_automation 
C:\Ajay\cicdbuild\esp32_automation

C:\Ajay\cicdbuild\esp32_automation>echo C:\WINDOWS\system32\config\systemprofile 
C:\WINDOWS\system32\config\systemprofile

C:\Ajay\cicdbuild\esp32_automation>CD C:\Users\ajayv\Desktop\esp-idf 

C:\Users\ajayv\Desktop\esp-idf>install.bat
Installing ESP-IDF tools
WARNING: tool openocd-esp32 version v0.10.0-esp32-20200709 is installed, but the tool failed to run
WARNING: destination path already exists, removing
WARNING: tool mconf version v4.6.0.0-idf-20190628 is installed, but the tool failed to run
WARNING: destination path already exists, removing
Installing tools: xtensa-esp32-elf, esp32ulp-elf, cmake, openocd-esp32, mconf, ninja, idf-exe, ccache
Skipping xtensa-esp32-elf@esp-2020r3-8.4.0 (already installed)
Skipping esp32ulp-elf@2.28.51.20170517 (already installed)
Skipping cmake@3.13.4 (already installed)
Installing openocd-esp32@v0.10.0-esp32-20200709
file openocd-esp32-win32-0.10.0-esp32-20200709.zip is already downloaded
Extracting C:\WINDOWS\system32\config\systemprofile\.espressif\dist\openocd-esp32-win32-0.10.0-esp32-20200709.zip to C:\WINDOWS\system32\config\systemprofile\.espressif\tools\openocd-esp32\v0.10.0-esp32-20200709
Installing mconf@v4.6.0.0-idf-20190628
file mconf-v4.6.0.0-idf-20190628-win32.zip is already downloaded
Extracting C:\WINDOWS\system32\config\systemprofile\.espressif\dist\mconf-v4.6.0.0-idf-20190628-win32.zip to C:\WINDOWS\system32\config\systemprofile\.espressif\tools\mconf\v4.6.0.0-idf-20190628
Skipping ninja@1.9.0 (already installed)
Skipping idf-exe@1.0.1 (already installed)
Skipping ccache@3.7 (already installed)
Setting up Python environment
Requirement already satisfied: setuptools in c:\windows\system32\config\systemprofile\.espressif\python_env\idf4.0_py3.9_env\lib\site-packages (from -r C:\Users\ajayv\Desktop\esp-idf\requirements.txt (line 4)) (51.3.3)
Requirement already satisfied: click>=5.0 in c:\windows\system32\config\systemprofile\.espressif\python_env\idf4.0_py3.9_env\lib\site-packages (from -r C:\Users\ajayv\Desktop\esp-idf\requirements.txt (line 8)) (8.0.4)
Requirement already satisfied: pyserial>=3.0 in c:\windows\system32\config\systemprofile\.espressif\python_env\idf4.0_py3.9_env\lib\site-packages (from -r C:\Users\ajayv\Desktop\esp-idf\requirements.txt (line 9)) (3.5)
Requirement already satisfied: future>=0.15.2 in c:\windows\system32\config\systemprofile\.espressif\python_env\idf4.0_py3.9_env\lib\site-packages (from -r C:\Users\ajayv\Desktop\esp-idf\requirements.txt (line 10)) (0.18.2)
Requirement already satisfied: cryptography>=2.1.4 in c:\windows\system32\config\systemprofile\.espressif\python_env\idf4.0_py3.9_env\lib\site-packages (from -r C:\Users\ajayv\Desktop\esp-idf\requirements.txt (line 11)) (36.0.1)
Requirement already satisfied: pyparsing<2.4.0,>=2.0.3 in c:\windows\system32\config\systemprofile\.espressif\python_env\idf4.0_py3.9_env\lib\site-packages (from -r C:\Users\ajayv\Desktop\esp-idf\requirements.txt (line 12)) (2.3.1)
Requirement already satisfied: pyelftools>=0.22 in c:\windows\system32\config\systemprofile\.espressif\python_env\idf4.0_py3.9_env\lib\site-packages (from -r C:\Users\ajayv\Desktop\esp-idf\requirements.txt (line 13)) (0.28)
Requirement already satisfied: colorama in c:\windows\system32\config\systemprofile\.espressif\python_env\idf4.0_py3.9_env\lib\site-packages (from click>=5.0->-r C:\Users\ajayv\Desktop\esp-idf\requirements.txt (line 8)) (0.4.4)
Requirement already satisfied: cffi>=1.12 in c:\windows\system32\config\systemprofile\.espressif\python_env\idf4.0_py3.9_env\lib\site-packages (from cryptography>=2.1.4->-r C:\Users\ajayv\Desktop\esp-idf\requirements.txt (line 11)) (1.15.0)
Requirement already satisfied: pycparser in c:\windows\system32\config\systemprofile\.espressif\python_env\idf4.0_py3.9_env\lib\site-packages (from cffi>=1.12->cryptography>=2.1.4->-r C:\Users\ajayv\Desktop\esp-idf\requirements.txt (line 11)) (2.21)
WARNING: You are using pip version 20.3.3; however, version 22.0.3 is available.
You should consider upgrading via the 'C:\WINDOWS\system32\config\systemprofile\.espressif\python_env\idf4.0_py3.9_env\Scripts\python.exe -m pip install --upgrade pip' command.
Installing Python packages from C:\Users\ajayv\Desktop\esp-idf\requirements.txt
All done! You can now run:
   export.bat
Finished: SUCCESS
