Started by user [8mha:////4IuQMs35E2tPHNrqvTWTnKSYc/Yzo4msDwaF5M297GxZAAAAlx+LCAAAAAAAAP9b85aBtbiIQTGjNKU4P08vOT+vOD8nVc83PyU1x6OyILUoJzMv2y+/JJUBAhiZGBgqihhk0NSjKDWzXb3RdlLBUSYGJk8GtpzUvPSSDB8G5tKinBIGIZ+sxLJE/ZzEvHT94JKizLx0a6BxUmjGOUNodHsLgAzWEgZu/dLi1CL9xJTczDwAj6GcLcAAAAA=[0madmin
Rebuilds build #[8mha:////4HbB57i7HJvaTDphSf02iTVwkm+qo++Y0yu/4vp44RKUAAAApx+LCAAAAAAAAP9b85aBtbiIQTGjNKU4P08vOT+vOD8nVc83PyU1x6OyILUoJzMv2y+/JJUBAhiZGBgqihhk0NSjKDWzXb3RdlLBUSYGJk8GtpzUvPSSDB8G5tKinBIGIZ+sxLJE/ZzEvHT94JKizLx0a6BxUmjGOUNodHsLgAymEgZp/az8JP3U3KTUlJTUFN2U1IKc/Mrc1LwSfUNLAJaW6jnQAAAA[0m19
Running as SYSTEM
Building in workspace C:\ProgramData\Jenkins\.jenkins\workspace\embedded-deployment
[embedded-deployment] $ cmd /c call C:\WINDOWS\TEMP\jenkins3494339352557292539.bat

C:\ProgramData\Jenkins\.jenkins\workspace\embedded-deployment>C:\Ajay\run.bat

C:\ProgramData\Jenkins\.jenkins\workspace\embedded-deployment>set BRANCH=master 

C:\ProgramData\Jenkins\.jenkins\workspace\embedded-deployment>set IMAGE_TAG=v1.0 

C:\ProgramData\Jenkins\.jenkins\workspace\embedded-deployment>echo "Beginning integration of ESP32 Automation" 
"Beginning integration of ESP32 Automation"

C:\ProgramData\Jenkins\.jenkins\workspace\embedded-deployment>echo C:\ProgramData\Jenkins\.jenkins\workspace\embedded-deployment 
C:\ProgramData\Jenkins\.jenkins\workspace\embedded-deployment

C:\ProgramData\Jenkins\.jenkins\workspace\embedded-deployment>CD C:\Ajay\cicdbuild 

C:\Ajay\cicdbuild>echo C:\Ajay\cicdbuild 
C:\Ajay\cicdbuild

C:\Ajay\cicdbuild>if exist esp32_automation\ (
CD esp32_automation  
 git pull 
)  else (
git clone -b master git@gitlab.com:iot15/esp32_automation.git  
 CD esp32_automation 
) 
Cloning into 'esp32_automation'...
Host key verification failed.
fatal: Could not read from remote repository.

Please make sure you have the correct access rights
and the repository exists.
The system cannot find the path specified.

C:\Ajay\cicdbuild>echo C:\Ajay\cicdbuild 
C:\Ajay\cicdbuild

C:\Ajay\cicdbuild>CD  
C:\Ajay\cicdbuild

C:\Ajay\cicdbuild>export .bat 
'export' is not recognized as an internal or external command,
operable program or batch file.

C:\Ajay\cicdbuild>CD C:\Ajay\cicdbuild\esp32_automation 
The system cannot find the path specified.

C:\Ajay\cicdbuild>idf.py build 
'idf.py' is not recognized as an internal or external command,
operable program or batch file.

C:\Ajay\cicdbuild>gsutil cp ./build/app-template.bin gs://ota-images-testing-12-11-21/fertigation/ 
'gsutil' is not recognized as an internal or external command,
operable program or batch file.
Build step 'Execute Windows batch command' marked build as failure
Finished: FAILURE
